2026-05-09T01:56:58	17.03s	done	/baseline create all
2026-05-10T22:18:29	45.78s	error	/stat det all
2026-05-10T22:18:48	24.95s	done	/stat det all
2026-05-10T22:18:49	11.55s	done	/stat all
2026-05-10T23:05:39	43.70s	done	/stat all
2026-05-10T23:05:39	8.62s	done	/stat all
2026-05-11T12:16:34	20.08s	done	/autoreply auto miller
2026-05-12T02:22:03	39.48s	done	/profile status
2026-05-14T00:59:46	45.72s	error	/tghealth all
2026-05-14T01:00:01	29.77s	done	/tghealth all
2026-05-14T01:17:35	45.75s	error	/tghealth all
2026-05-14T01:32:47	12.22s	done	/tghealth check all
2026-05-14T02:03:05	45.64s	error	/tghealth check all
2026-05-14T02:36:19	45.61s	error	/tghealth check all
2026-05-14T02:36:55	23.50s	done	/tghealth check all
2026-05-14T22:45:10	45.14s	error	/greeting off all
2026-05-14T22:46:01	45.52s	error	/greeting off all
2026-05-16T00:47:46	45.55s	error	/stat all 15.05.26
2026-05-16T01:17:13	45.30s	error	/stat darias 15.05.26
2026-05-16T01:18:02	45.19s	error	/stat darias 15.05.26
2026-05-16T02:32:39	45.30s	error	/stat all 15.05.26
2026-05-16T02:33:07	11.62s	done	/stat all 15.05.26
